app/api/chat/route.ts(2,36): error TS2307: Cannot find module '@google/generative-ai' or its corresponding type declarations.
components/CopingCoach.tsx(123,34): error TS2345: Argument of type '(prev: Step) => number' is not assignable to parameter of type 'SetStateAction<Step>'.
  Type '(prev: Step) => number' is not assignable to type '(prevState: Step) => Step'.
    Type 'number' is not assignable to type 'Step'.
components/CopingCoach.tsx(124,34): error TS2345: Argument of type '(prev: Step) => number' is not assignable to parameter of type 'SetStateAction<Step>'.
  Type '(prev: Step) => number' is not assignable to type '(prevState: Step) => Step'.
    Type 'number' is not assignable to type 'Step'.
